16:35:51 **** Build of configuration Debug for project Day7_Bai1 ****
make -j4 all 
arm-none-eabi-gcc -mcpu=cortex-m4 -g3 -DDEBUG -c -x assembler-with-cpp -MMD -MP -MF"Startup/startup_stm32f401retx.d" -MT"Startup/startup_stm32f401retx.o" --specs=nano.specs -mfpu=fpv4-sp-d16 -mfloat-abi=hard -mthumb -o "Startup/startup_stm32f401retx.o" "../Startup/startup_stm32f401retx.s"
arm-none-eabi-gcc "../Src/main.c" -mcpu=cortex-m4 -std=gnu11 -g3 -DDEBUG -DNUCLEO_F401RE -DSTM32 -DSTM32F401RETx -DSTM32F4 -c -I../Inc -I"C:/Users/PC/Downloads/SDK_1.0.3_NUCLEO-F401RE/shared/Drivers/CMSIS/Include" -I"C:/Users/PC/Downloads/SDK_1.0.3_NUCLEO-F401RE/shared/Drivers/STM32F401RE_StdPeriph_Driver/inc" -I"C:/Users/PC/Downloads/SDK_1.0.3_NUCLEO-F401RE/shared/Middle/button" -I"C:/Users/PC/Downloads/SDK_1.0.3_NUCLEO-F401RE/shared/Middle/buzzer" -I"C:/Users/PC/Downloads/SDK_1.0.3_NUCLEO-F401RE/shared/Middle/led" -I"C:/Users/PC/Downloads/SDK_1.0.3_NUCLEO-F401RE/shared/Middle/rtos" -I"C:/Users/PC/Downloads/SDK_1.0.3_NUCLEO-F401RE/shared/Middle/sensor" -I"C:/Users/PC/Downloads/SDK_1.0.3_NUCLEO-F401RE/shared/Middle/serial" -I"C:/Users/PC/Downloads/SDK_1.0.3_NUCLEO-F401RE/shared/Middle/ucglib" -I"C:/Users/PC/Downloads/SDK_1.0.3_NUCLEO-F401RE/shared/Utilities" -O0 -ffunction-sections -fdata-sections -Wall -fstack-usage -MMD -MP -MF"Src/main.d" -MT"Src/main.o" --specs=nano.specs -mfpu=fpv4-sp-d16 -mfloat-abi=hard -mthumb -o "Src/main.o"
arm-none-eabi-gcc "../Src/syscalls.c" -mcpu=cortex-m4 -std=gnu11 -g3 -DDEBUG -DNUCLEO_F401RE -DSTM32 -DSTM32F401RETx -DSTM32F4 -c -I../Inc -I"C:/Users/PC/Downloads/SDK_1.0.3_NUCLEO-F401RE/shared/Drivers/CMSIS/Include" -I"C:/Users/PC/Downloads/SDK_1.0.3_NUCLEO-F401RE/shared/Drivers/STM32F401RE_StdPeriph_Driver/inc" -I"C:/Users/PC/Downloads/SDK_1.0.3_NUCLEO-F401RE/shared/Middle/button" -I"C:/Users/PC/Downloads/SDK_1.0.3_NUCLEO-F401RE/shared/Middle/buzzer" -I"C:/Users/PC/Downloads/SDK_1.0.3_NUCLEO-F401RE/shared/Middle/led" -I"C:/Users/PC/Downloads/SDK_1.0.3_NUCLEO-F401RE/shared/Middle/rtos" -I"C:/Users/PC/Downloads/SDK_1.0.3_NUCLEO-F401RE/shared/Middle/sensor" -I"C:/Users/PC/Downloads/SDK_1.0.3_NUCLEO-F401RE/shared/Middle/serial" -I"C:/Users/PC/Downloads/SDK_1.0.3_NUCLEO-F401RE/shared/Middle/ucglib" -I"C:/Users/PC/Downloads/SDK_1.0.3_NUCLEO-F401RE/shared/Utilities" -O0 -ffunction-sections -fdata-sections -Wall -fstack-usage -MMD -MP -MF"Src/syscalls.d" -MT"Src/syscalls.o" --specs=nano.specs -mfpu=fpv4-sp-d16 -mfloat-abi=hard -mthumb -o "Src/syscalls.o"
arm-none-eabi-gcc "../Src/sysmem.c" -mcpu=cortex-m4 -std=gnu11 -g3 -DDEBUG -DNUCLEO_F401RE -DSTM32 -DSTM32F401RETx -DSTM32F4 -c -I../Inc -I"C:/Users/PC/Downloads/SDK_1.0.3_NUCLEO-F401RE/shared/Drivers/CMSIS/Include" -I"C:/Users/PC/Downloads/SDK_1.0.3_NUCLEO-F401RE/shared/Drivers/STM32F401RE_StdPeriph_Driver/inc" -I"C:/Users/PC/Downloads/SDK_1.0.3_NUCLEO-F401RE/shared/Middle/button" -I"C:/Users/PC/Downloads/SDK_1.0.3_NUCLEO-F401RE/shared/Middle/buzzer" -I"C:/Users/PC/Downloads/SDK_1.0.3_NUCLEO-F401RE/shared/Middle/led" -I"C:/Users/PC/Downloads/SDK_1.0.3_NUCLEO-F401RE/shared/Middle/rtos" -I"C:/Users/PC/Downloads/SDK_1.0.3_NUCLEO-F401RE/shared/Middle/sensor" -I"C:/Users/PC/Downloads/SDK_1.0.3_NUCLEO-F401RE/shared/Middle/serial" -I"C:/Users/PC/Downloads/SDK_1.0.3_NUCLEO-F401RE/shared/Middle/ucglib" -I"C:/Users/PC/Downloads/SDK_1.0.3_NUCLEO-F401RE/shared/Utilities" -O0 -ffunction-sections -fdata-sections -Wall -fstack-usage -MMD -MP -MF"Src/sysmem.d" -MT"Src/sysmem.o" --specs=nano.specs -mfpu=fpv4-sp-d16 -mfloat-abi=hard -mthumb -o "Src/sysmem.o"
arm-none-eabi-gcc -o "Day7_Bai1.elf" @"objects.list"  -lLibraries -mcpu=cortex-m4 -T"C:\Users\PC\STM32CubeIDE\Thuctap\Day7_Bai2\STM32F401RETX_FLASH.ld" --specs=nosys.specs -Wl,-Map="Day7_Bai1.map" -Wl,--gc-sections -static -L"C:\Users\PC\Downloads\SDK_1.0.3_NUCLEO-F401RE\lib_stm" --specs=nano.specs -mfpu=fpv4-sp-d16 -mfloat-abi=hard -mthumb -Wl,--start-group -lc -lm -Wl,--end-group
Finished building target: Day7_Bai1.elf
 
arm-none-eabi-size   Day7_Bai1.elf 
arm-none-eabi-objdump -h -S  Day7_Bai1.elf  > "Day7_Bai1.list"
arm-none-eabi-objcopy  -O ihex  Day7_Bai1.elf  "Day7_Bai1.hex"
arm-none-eabi-objcopy  -O binary  Day7_Bai1.elf  "Day7_Bai1.bin"
   text	   data	    bss	    dec	    hex	filename
   1364	      8	   1568	   2940	    b7c	Day7_Bai1.elf
Finished building: default.size.stdout
 
Finished building: Day7_Bai1.hex
Finished building: Day7_Bai1.bin
 
 
Finished building: Day7_Bai1.list
 

16:35:53 Build Finished. 0 errors, 0 warnings. (took 2s.342ms)

